// Vitest Snapshot v1, https://vitest.dev/guide/snapshot.html

exports[`Slider test > It should render 1`] = `
{
  "asFragment": [Function],
  "baseElement": <body>
    <div>
      <div
        style="overflow: hidden; width: 100%; height: 100%; max-height: 100vh;"
      >
        <style>
          
          .rtds-single-slide-styles img {
            max-width: 100%;
            max-height: 100%;
          }
        
        </style>
        <div
          aria-valuemax="4"
          aria-valuemin="0"
          aria-valuenow="0"
          data-testid="slider"
          role="slider"
          style="all: initial; width: 100%; height: 100%; max-height: 100vh; display: inline-flex; will-change: transform, scale; cursor: grab; transition: transform 0.3s ease-out; transform: translateX(0px);"
          tabindex="0"
        >
          <div
            class="slide-outer"
          >
            <div
              class="rtds-single-slide-styles"
              style="width: 0px; height: 0px; transition: transform 0.2s ease-out;"
            >
              <div
                style="padding: 1rem; height: 100%; display: flex; align-items: center; justify-content: center; user-select: none;"
              >
                <img
                  alt="Nature Image1"
                  src="https://images.unsplash.com/photo-1610047803562-7260ebe516cc?ixid=MXwxMjA3fDB8MHxwaG90by1wYWdlfHx8fGVufDB8fHw%3D&ixlib=rb-1.2.1&auto=format&fit=crop&w=1350&q=80"
                />
              </div>
            </div>
          </div>
          <div
            class="slide-outer"
          >
            <div
              class="rtds-single-slide-styles"
              style="width: 0px; height: 0px; transition: transform 0.2s ease-out;"
            >
              <div
                style="padding: 1rem; height: 100%; display: flex; align-items: center; justify-content: center; user-select: none;"
              >
                <img
                  alt="Nature Image2"
                  src="https://images.unsplash.com/photo-1610047803124-64ddfad66909?ixid=MXwxMjA3fDB8MHxwaG90by1wYWdlfHx8fGVufDB8fHw%3D&ixlib=rb-1.2.1&auto=format&fit=crop&w=651&q=80"
                />
              </div>
            </div>
          </div>
          <div
            class="slide-outer"
          >
            <div
              class="rtds-single-slide-styles"
              style="width: 0px; height: 0px; transition: transform 0.2s ease-out;"
            >
              <div
                style="padding: 1rem; height: 100%; display: flex; align-items: center; justify-content: center; user-select: none;"
              >
                <img
                  alt="Nature Image3"
                  src="https://images.unsplash.com/photo-1609952048180-7b35ea6b083b?ixid=MXwxMjA3fDB8MHxwaG90by1wYWdlfHx8fGVufDB8fHw%3D&ixlib=rb-1.2.1&auto=format&fit=crop&w=1350&q=80"
                />
              </div>
            </div>
          </div>
          <div
            class="slide-outer"
          >
            <div
              class="rtds-single-slide-styles"
              style="width: 0px; height: 0px; transition: transform 0.2s ease-out;"
            >
              <div
                style="padding: 1rem; height: 100%; display: flex; align-items: center; justify-content: center; user-select: none;"
              >
                <img
                  alt="Nature Image4"
                  src="https://images.unsplash.com/photo-1608241175281-722a1c6111be?ixid=MXwxMjA3fDB8MHxwaG90by1wYWdlfHx8fGVufDB8fHw%3D&ixlib=rb-1.2.1&auto=format&fit=crop&w=634&q=80"
                />
              </div>
            </div>
          </div>
          <div
            class="slide-outer"
          >
            <div
              class="rtds-single-slide-styles"
              style="width: 0px; height: 0px; transition: transform 0.2s ease-out;"
            >
              <div
                style="padding: 1rem; height: 100%; display: flex; align-items: center; justify-content: center; user-select: none;"
              >
                <img
                  alt="Nature Image5"
                  src="https://images.unsplash.com/photo-1523288863878-c79329df9b88?ixid=MXwxMjA3fDB8MHxwaG90by1wYWdlfHx8fGVufDB8fHw%3D&ixlib=rb-1.2.1&auto=format&fit=crop&w=1386&q=80"
                />
              </div>
            </div>
          </div>
        </div>
      </div>
    </div>
  </body>,
  "container": <div>
    <div
      style="overflow: hidden; width: 100%; height: 100%; max-height: 100vh;"
    >
      <style>
        
          .rtds-single-slide-styles img {
            max-width: 100%;
            max-height: 100%;
          }
        
      </style>
      <div
        aria-valuemax="4"
        aria-valuemin="0"
        aria-valuenow="0"
        data-testid="slider"
        role="slider"
        style="all: initial; width: 100%; height: 100%; max-height: 100vh; display: inline-flex; will-change: transform, scale; cursor: grab; transition: transform 0.3s ease-out; transform: translateX(0px);"
        tabindex="0"
      >
        <div
          class="slide-outer"
        >
          <div
            class="rtds-single-slide-styles"
            style="width: 0px; height: 0px; transition: transform 0.2s ease-out;"
          >
            <div
              style="padding: 1rem; height: 100%; display: flex; align-items: center; justify-content: center; user-select: none;"
            >
              <img
                alt="Nature Image1"
                src="https://images.unsplash.com/photo-1610047803562-7260ebe516cc?ixid=MXwxMjA3fDB8MHxwaG90by1wYWdlfHx8fGVufDB8fHw%3D&ixlib=rb-1.2.1&auto=format&fit=crop&w=1350&q=80"
              />
            </div>
          </div>
        </div>
        <div
          class="slide-outer"
        >
          <div
            class="rtds-single-slide-styles"
            style="width: 0px; height: 0px; transition: transform 0.2s ease-out;"
          >
            <div
              style="padding: 1rem; height: 100%; display: flex; align-items: center; justify-content: center; user-select: none;"
            >
              <img
                alt="Nature Image2"
                src="https://images.unsplash.com/photo-1610047803124-64ddfad66909?ixid=MXwxMjA3fDB8MHxwaG90by1wYWdlfHx8fGVufDB8fHw%3D&ixlib=rb-1.2.1&auto=format&fit=crop&w=651&q=80"
              />
            </div>
          </div>
        </div>
        <div
          class="slide-outer"
        >
          <div
            class="rtds-single-slide-styles"
            style="width: 0px; height: 0px; transition: transform 0.2s ease-out;"
          >
            <div
              style="padding: 1rem; height: 100%; display: flex; align-items: center; justify-content: center; user-select: none;"
            >
              <img
                alt="Nature Image3"
                src="https://images.unsplash.com/photo-1609952048180-7b35ea6b083b?ixid=MXwxMjA3fDB8MHxwaG90by1wYWdlfHx8fGVufDB8fHw%3D&ixlib=rb-1.2.1&auto=format&fit=crop&w=1350&q=80"
              />
            </div>
          </div>
        </div>
        <div
          class="slide-outer"
        >
          <div
            class="rtds-single-slide-styles"
            style="width: 0px; height: 0px; transition: transform 0.2s ease-out;"
          >
            <div
              style="padding: 1rem; height: 100%; display: flex; align-items: center; justify-content: center; user-select: none;"
            >
              <img
                alt="Nature Image4"
                src="https://images.unsplash.com/photo-1608241175281-722a1c6111be?ixid=MXwxMjA3fDB8MHxwaG90by1wYWdlfHx8fGVufDB8fHw%3D&ixlib=rb-1.2.1&auto=format&fit=crop&w=634&q=80"
              />
            </div>
          </div>
        </div>
        <div
          class="slide-outer"
        >
          <div
            class="rtds-single-slide-styles"
            style="width: 0px; height: 0px; transition: transform 0.2s ease-out;"
          >
            <div
              style="padding: 1rem; height: 100%; display: flex; align-items: center; justify-content: center; user-select: none;"
            >
              <img
                alt="Nature Image5"
                src="https://images.unsplash.com/photo-1523288863878-c79329df9b88?ixid=MXwxMjA3fDB8MHxwaG90by1wYWdlfHx8fGVufDB8fHw%3D&ixlib=rb-1.2.1&auto=format&fit=crop&w=1386&q=80"
              />
            </div>
          </div>
        </div>
      </div>
    </div>
  </div>,
  "debug": [Function],
  "findAllByAltText": [Function],
  "findAllByDisplayValue": [Function],
  "findAllByLabelText": [Function],
  "findAllByPlaceholderText": [Function],
  "findAllByRole": [Function],
  "findAllByTestId": [Function],
  "findAllByText": [Function],
  "findAllByTitle": [Function],
  "findByAltText": [Function],
  "findByDisplayValue": [Function],
  "findByLabelText": [Function],
  "findByPlaceholderText": [Function],
  "findByRole": [Function],
  "findByTestId": [Function],
  "findByText": [Function],
  "findByTitle": [Function],
  "getAllByAltText": [Function],
  "getAllByDisplayValue": [Function],
  "getAllByLabelText": [Function],
  "getAllByPlaceholderText": [Function],
  "getAllByRole": [Function],
  "getAllByTestId": [Function],
  "getAllByText": [Function],
  "getAllByTitle": [Function],
  "getByAltText": [Function],
  "getByDisplayValue": [Function],
  "getByLabelText": [Function],
  "getByPlaceholderText": [Function],
  "getByRole": [Function],
  "getByTestId": [Function],
  "getByText": [Function],
  "getByTitle": [Function],
  "queryAllByAltText": [Function],
  "queryAllByDisplayValue": [Function],
  "queryAllByLabelText": [Function],
  "queryAllByPlaceholderText": [Function],
  "queryAllByRole": [Function],
  "queryAllByTestId": [Function],
  "queryAllByText": [Function],
  "queryAllByTitle": [Function],
  "queryByAltText": [Function],
  "queryByDisplayValue": [Function],
  "queryByLabelText": [Function],
  "queryByPlaceholderText": [Function],
  "queryByRole": [Function],
  "queryByTestId": [Function],
  "queryByText": [Function],
  "queryByTitle": [Function],
  "rerender": [Function],
  "unmount": [Function],
}
`;
